C51 COMPILER V9.60.7.0   SYNC                                                              07/23/2025 17:08:05 PAGE 1   


C51 COMPILER V9.60.7.0, COMPILATION OF MODULE SYNC
OBJECT MODULE PLACED IN .\Output\sync.obj
COMPILER INVOKED BY: D:\APP\Keil_v5\C51\BIN\C51.EXE Src\sync.c LARGE OPTIMIZE(8,SPEED) BROWSE INCDIR(.\Inc;D:\APP\Keil_v
                    -5\C51\INC) DEBUG OBJECTEXTEND PRINT(.\Listings\sync.lst) OBJECT(.\Output\sync.obj)

line level    source

   1          #include "STC15W4Kxx.h"
   2          #include "stdint.h"
   3          #include "sync.h"
   4          #include "timer.h"
   5          #include "key.h"
   6          #include "pwm.h"
   7          #include "ntc.h"
   8          #include "screen.h"
   9          #include "stdio.h"
  10          
  11          void sync_judge()
  12          {
  13   1          if(sync_bit == 1)
  14   1          {
  15   2              
  16   2              if(external_24bit == 1)
  17   2              {
  18   3                  power_bit = 1;
  19   3                  sun_dis(DIS_ON);
  20   3                  wind_bit = 1;
  21   3                  delay_bit1 = 1;
  22   3                  delay_bit2 = 0;
  23   3              }
  24   2              else
  25   2              {
  26   3                  delay_bit2 = 1;
  27   3                  power_bit = 0;
  28   3                  sun_dis(DIS_OFF);
  29   3                  wind_bit = 0;
  30   3                  PWMStop(); 
  31   3              }
  32   2          }
  33   1          else
  34   1          {
  35   2              //delay_bit1 = 0;
  36   2              power_bit = 1;
  37   2              sun_dis(DIS_ON);
  38   2              wind_bit = 1; 
  39   2          }
  40   1          
  41   1          power_crl(power_num);
  42   1          wind_crl(wind_num);         //刷新风力和功率
  43   1      }
  44          
  45          void sync_fan_delay_listen()
  46          {
  47   1          if((delay_bit1 == 1)&&(delay_bit2 == 1))
  48   1          {
  49   2              wind_bit = 1;  
  50   2              wind_crl(wind_num);  
  51   2          }
  52   1          
  53   1      //    if((sync_bit == 1)&&(delay_bit2 == 0))
  54   1      //    {
C51 COMPILER V9.60.7.0   SYNC                                                              07/23/2025 17:08:05 PAGE 2   

  55   1      //        wind_bit = 1;  
  56   1      //        wind_crl(wind_num); 
  57   1      //    }
  58   1          
  59   1          if(delay_bit3 == 1)
  60   1          {  
  61   2              printf("here");
  62   2              wind_bit = 0; 
  63   2              PWMStop();
  64   2              delay_bit3 = 0;
  65   2          }
  66   1      }
  67          void led_init()
  68          {
  69   1          P24 = P25 = P26 = 0;
  70   1          P43 = P44 = 0;
  71   1      }
  72          
  73          void external_24V_listen()
  74          {
  75   1          static now_value = 0;
  76   1          if(now_value!=previous_value)
  77   1          {
  78   2              sync_judge();
  79   2              now_value = previous_value;
  80   2          }
  81   1      }
  82          
  83          void temp_listen()
  84          {   
  85   1          static uint8_t temp; 
  86   1          temp = (uint8_t)get_temp(6);
  87   1          if(temp>=temp_num)
  88   1          {
  89   2              alarm_dis(DIS_ON);
  90   2              P05 = 1;
  91   2              P54 = temp_dis_bit;
  92   2          }
  93   1          
  94   1          if(temp<temp_num)    
  95   1          {
  96   2              alarm_dis(DIS_OFF);
  97   2              P05 = 0;
  98   2              P54 = 1;
  99   2          }
 100   1      
 101   1          
 102   1      //    if(sync_bit==1)
 103   1      //        
 104   1      //    {
 105   1      //        if(external_24bit==1)
 106   1      //        {
 107   1      //            //alarm_dis(DIS_OFF);
 108   1      //            power_bit = 1; 
 109   1      //        }
 110   1      //    }
 111   1      }


MODULE INFORMATION:   STATIC OVERLAYABLE
   CODE SIZE        =    196    ----
   CONSTANT SIZE    =      5    ----
C51 COMPILER V9.60.7.0   SYNC                                                              07/23/2025 17:08:05 PAGE 3   

   XDATA SIZE       =      3    ----
   PDATA SIZE       =   ----    ----
   DATA SIZE        =   ----    ----
   IDATA SIZE       =   ----    ----
   BIT SIZE         =   ----    ----
END OF MODULE INFORMATION.


C51 COMPILATION COMPLETE.  0 WARNING(S),  0 ERROR(S)
